
> wasabi-smart-farm@0.1.0 build
> next build

node.exe : ??Invalid next.config.ts o
ptions detected: 
위치 C:\Program Files\nodejs\npm.ps1:29
 문자:3
+   & $NODE_EXE $NPM_CLI_JS $args
+   ~~~~~~~~~~~~~~~~~~~~~~~~~~~~~
    + CategoryInfo          : NotSpe 
   cified: (??Invalid next....ions   
  detected: :String) [], RemoteExc   
 eption
    + FullyQualifiedErrorId : Native 
   CommandError
 
??    Unrecognized key(s) in object: 
'serverActions'
??See more info here: https://nextjs.
org/docs/messages/invalid-next-config
??Warning: Next.js inferred your work
space root, but it may not be correct
.
 We detected multiple lockfiles and s
elected the directory of C:\Users\car
13\package-lock.json as the root dire
ctory.
 To silence this warning, set `turbop
ack.root` in your Next.js config, or 
consider removing one of the lockfile
s if it's not needed.
   See https://nextjs.org/docs/app/ap
i-reference/config/next-config-js/tur
bopack#root-directory for more inform
ation.
 Detected additional lockfiles: 
   * C:\Users\car13\.gemini\antigravi
ty\scratch\wasabi-smart-farm\package-
lock.json

??Next.js 16.1.1 (Turbopack)
- Environments: .env.local

??The "middleware" file convention is
 deprecated. Please use "proxy" inste
ad. Learn more: https://nextjs.org/do
cs/messages/middleware-to-proxy
  Creating an optimized production build ...
??Compiled successfully in 3.3s
  Running TypeScript ...
Failed to compile.

./src/app/?섏쭅?띿옣/page.tsx:61:34
Type error: Type '{ children: string;
 order: 1; align: string; mb: "lg"; }
' is not assignable to type 'Intrinsi
cAttributes & TitleProps & RefAttribu
tes<HTMLHeadingElement> & { component
?: any; renderRoot?: ((props: Record<
...>) => ReactNode) | undefined; }'.
  Property 'align' does not exist on 
type 'IntrinsicAttributes & TitleProp
s & RefAttributes<HTMLHeadingElement>
 & { component?: any; renderRoot?: ((
props: Record<...>) => ReactNode) | u
ndefined; }'.

[0m [90m 59 |[39m
 [90m 60 |[39m             [33m<[
39m[33mContainer[39m size[33m=[39
m[32m"md"[39m py[33m=[39m[32m"xl
"[39m[33m>[39m
[31m[1m>[22m[39m[90m 61 |[39m  
               [33m<[39m[33mTitle
[39m order[33m=[39m{[35m1[39m} al
ign[33m=[39m[32m"center"[39m mb[
33m=[39m[32m"lg"[39m[33m>[39m
 [90m    |[39m                     
             [31m[1m^[22m[39m
 [90m 62 |[39m                     
?섏쭅?띿옣 湲곗닠?먮즺
 [90m 63 |[39m                 [33
m<[39m[33m/[39m[33mTitle[39m[33
m>[39m
 [90m 64 |[39m                 [33
m<[39m[33mText[39m align[33m=[39
m[32m"center"[39m c[33m=[39m[32m
"dimmed"[39m mb[33m=[39m[32m"xl"
[39m[33m>[39m[0m
Next.js build worker exited with code
: 1 and signal: null
